This is pdfTeX, Version 3.141592653-2.6-1.40.29 (MiKTeX 26.5) (preloaded format=pdflatex.fmt)
 restricted \write18 enabled.
entering extended mode
(main.tex
LaTeX2e <2026-06-01>
L3 programming layer <2026-06-18>
(C:\Program Files\MiKTeX\tex/latex/base\article.cls
Document Class: article 2025/01/22 v1.4n Standard LaTeX document class
(C:\Program Files\MiKTeX\tex/latex/base\size10.clo)) (iclr2027_conference.sty
(C:\Program Files\MiKTeX\tex/latex/eso-pic\eso-pic.sty
(C:\Program Files\MiKTeX\tex/latex/graphics\keyval.sty)
(C:\Program Files\MiKTeX\tex/latex/xcolor\xcolor.sty
(C:\Program Files\MiKTeX\tex/latex/graphics-cfg\color.cfg)
(C:\Program Files\MiKTeX\tex/latex/graphics-def\pdftex.def)
(C:\Program Files\MiKTeX\tex/latex/graphics\mathcolor.ltx))) (fancyhdr.sty)
(natbib.sty)) (C:\Program Files\MiKTeX\tex/latex/psnfss\times.sty)
(math_commands.tex (C:\Program Files\MiKTeX\tex/latex/amsmath\amsmath.sty
For additional information on amsmath, use the `?' option.
(C:\Program Files\MiKTeX\tex/latex/amsmath\amstext.sty
(C:\Program Files\MiKTeX\tex/latex/amsmath\amsgen.sty))
(C:\Program Files\MiKTeX\tex/latex/amsmath\amsbsy.sty)
(C:\Program Files\MiKTeX\tex/latex/amsmath\amsopn.sty))
(C:\Program Files\MiKTeX\tex/latex/amsfonts\amsfonts.sty)
(C:\Program Files\MiKTeX\tex/latex/tools\bm.sty))
(C:\Program Files\MiKTeX\tex/latex/hyperref\hyperref.sty
(C:\Program Files\MiKTeX\tex/generic/iftex\iftex.sty)
(C:\Program Files\MiKTeX\tex/latex/kvsetkeys\kvsetkeys.sty)
(C:\Program Files\MiKTeX\tex/generic/kvdefinekeys\kvdefinekeys.sty)
(C:\Program Files\MiKTeX\tex/generic/pdfescape\pdfescape.sty
(C:\Program Files\MiKTeX\tex/generic/ltxcmds\ltxcmds.sty)
(C:\Program Files\MiKTeX\tex/generic/pdftexcmds\pdftexcmds.sty
(C:\Program Files\MiKTeX\tex/generic/infwarerr\infwarerr.sty)))
(C:\Program Files\MiKTeX\tex/latex/hycolor\hycolor.sty)
(C:\Program Files\MiKTeX\tex/latex/hyperref\nameref.sty
(C:\Program Files\MiKTeX\tex/latex/refcount\refcount.sty)
(C:\Program Files\MiKTeX\tex/generic/gettitlestring\gettitlestring.sty
(C:\Program Files\MiKTeX\tex/latex/kvoptions\kvoptions.sty)))
(C:\Program Files\MiKTeX\tex/latex/etoolbox\etoolbox.sty)
(C:\Program Files\MiKTeX\tex/generic/stringenc\stringenc.sty)
(C:\Program Files\MiKTeX\tex/latex/hyperref\pd1enc.def)
(C:\Program Files\MiKTeX\tex/generic/intcalc\intcalc.sty)
(C:\Program Files\MiKTeX\tex/latex/hyperref\puenc.def)
(C:\Program Files\MiKTeX\tex/latex/url\url.sty)
(C:\Program Files\MiKTeX\tex/generic/bitset\bitset.sty
(C:\Program Files\MiKTeX\tex/generic/bigintcalc\bigintcalc.sty)))
(C:\Program Files\MiKTeX\tex/latex/hyperref\hpdftex.def
(C:\Program Files\MiKTeX\tex/latex/rerunfilecheck\rerunfilecheck.sty
(C:\Program Files\MiKTeX\tex/generic/uniquecounter\uniquecounter.sty)))
(C:\Program Files\MiKTeX\tex/latex/booktabs\booktabs.sty)
(C:\Program Files\MiKTeX\tex/latex/graphics\graphicx.sty
(C:\Program Files\MiKTeX\tex/latex/graphics\graphics.sty
(C:\Program Files\MiKTeX\tex/latex/graphics\trig.sty)
(C:\Program Files\MiKTeX\tex/latex/graphics-cfg\graphics.cfg)))
(C:\Program Files\MiKTeX\tex/latex/psnfss\ot1ptm.fd)
(C:\Program Files\MiKTeX\tex/latex/l3backend\l3backend-pdftex.def) (main.aux)
(C:\Program Files\MiKTeX\tex/context/base/mkii\supp-pdf.mkii
[Loading MPS to PDF converter (version 2006.09.02).]
) (C:\Program Files\MiKTeX\tex/latex/epstopdf-pkg\epstopdf-base.sty
(C:\Program Files\MiKTeX\tex/latex/00miktex\epstopdf-sys.cfg)) (main.out)
(main.out) (C:\Program Files\MiKTeX\tex/latex/amsfonts\umsa.fd)
(C:\Program Files\MiKTeX\tex/latex/amsfonts\umsb.fd) [1{C:/Users/<user>/AppData
/Local/MiKTeX/fonts/map/pdftex/pdftex.map}{C:/Program Files/MiKTeX/fonts/enc/dv
ips/base/8r.enc}] (C:\Program Files\MiKTeX\tex/latex/psnfss\ts1ptm.fd) [2]
[3] (C:\Program Files\MiKTeX\tex/latex/psnfss\ot1pcr.fd)
Underfull \vbox (badness 1394) has occurred while \output is active [4 <./figs/
fig_arms.pdf>] [5] (table_subgroup_metrics.tex) [6] [7 <./figs/fig1_thesis.pdf>
]
Underfull \hbox (badness 2460) in paragraph at lines 510--523
[]\OT1/ptm/b/n/10 We claim non-independence, not in-fla-tion. \OT1/ptm/m/n/10 W
e ex-pected the con-tam-i-na-tion to flat-ter
[8]
Underfull \vbox (badness 10000) has occurred while \output is active [9 <./figs
/fig2_pairs.pdf> <./figs/fig_chameleon_pairs.pdf>] [10] (main.bbl [11] [12])
[13]
Underfull \hbox (badness 10000) in paragraph at lines 729--729
[]\OT1/ptm/m/n/9 Acquisition

Underfull \hbox (badness 10000) in paragraph at lines 729--729
[]\OT1/ptm/m/n/9 Generator

Underfull \hbox (badness 10000) in paragraph at lines 729--729
[]\OT1/ptm/m/n/9 Closed-

Underfull \hbox (badness 10000) in paragraph at lines 729--730
[]\OT1/ptm/m/n/9 Abstention /

Underfull \hbox (badness 10000) in paragraph at lines 731--731
[]\OT1/ptm/m/n/9 none (uni-

Underfull \hbox (badness 10000) in paragraph at lines 731--731
[]\OT1/ptm/m/n/9 background

Underfull \hbox (badness 10000) in paragraph at lines 732--732
[]\OT1/ptm/m/n/9 none (uni-

Underfull \hbox (badness 10000) in paragraph at lines 732--732
[]\OT1/ptm/m/n/9 background

Underfull \hbox (badness 10000) in paragraph at lines 732--732
[]\OT1/ptm/m/n/9 pseudo-

Underfull \hbox (badness 10000) in paragraph at lines 733--733
[]\OT1/ptm/m/n/9 yes, on-

Underfull \hbox (badness 5908) in paragraph at lines 734--734
[]\OT1/ptm/m/n/9 hardness, per

Underfull \hbox (badness 10000) in paragraph at lines 734--734
[]\OT1/ptm/m/n/9 guidance

Overfull \hbox (1.08014pt too wide) in paragraph at lines 734--734
[]\OT1/ptm/m/n/9 curriculum| 

Underfull \hbox (badness 1831) in paragraph at lines 735--735
[]\OT1/ptm/m/n/9 dataset rank-

Underfull \hbox (badness 10000) in paragraph at lines 735--735
[]\OT1/ptm/m/n/9 proxy score,

Underfull \hbox (badness 10000) in paragraph at lines 735--735
[]\OT1/ptm/m/n/9 n/a (picks

Underfull \hbox (badness 10000) in paragraph at lines 737--737
[]\OT1/ptm/m/n/9 disagreement,

Underfull \hbox (badness 10000) in paragraph at lines 737--737
[]\OT1/ptm/m/n/9 background

Underfull \hbox (badness 10000) in paragraph at lines 737--737
[]\OT1/ptm/m/n/9 pseudo-

Underfull \hbox (badness 10000) in paragraph at lines 738--739
[]\OT1/ptm/b/n/9 same-shape

Underfull \hbox (badness 3547) in paragraph at lines 738--739
\OT1/ptm/b/n/9 shuf-fle, rank
[14] [15] [16] (table_tost_equivalence.tex) (appendix_tables.tex

LaTeX Warning: `h' float specifier changed to `ht'.


LaTeX Warning: `h' float specifier changed to `ht'.


LaTeX Warning: `h' float specifier changed to `ht'.

) (table_cluster_composition.tex

LaTeX Warning: `h' float specifier changed to `ht'.

) [17] [18] [19] [20] [21] [22] (appendix_coverage.tex) [23] [24] [25]
(main.aux) )
(see the transcript file for additional information)<C:/Program Files/MiKTeX/fo
nts/type1/public/amsfonts/cm/cmbx9.pfb><C:/Program Files/MiKTeX/fonts/type1/pub
lic/amsfonts/cm/cmex10.pfb><C:/Program Files/MiKTeX/fonts/type1/public/amsfonts
/cm/cmmi10.pfb><C:/Program Files/MiKTeX/fonts/type1/public/amsfonts/cm/cmmi6.pf
b><C:/Program Files/MiKTeX/fonts/type1/public/amsfonts/cm/cmmi7.pfb><C:/Program
 Files/MiKTeX/fonts/type1/public/amsfonts/cm/cmmi9.pfb><C:/Program Files/MiKTeX
/fonts/type1/public/amsfonts/cm/cmr10.pfb><C:/Program Files/MiKTeX/fonts/type1/
public/amsfonts/cm/cmr6.pfb><C:/Program Files/MiKTeX/fonts/type1/public/amsfont
s/cm/cmr7.pfb><C:/Program Files/MiKTeX/fonts/type1/public/amsfonts/cm/cmr9.pfb>
<C:/Program Files/MiKTeX/fonts/type1/public/amsfonts/cm/cmsy10.pfb><C:/Program 
Files/MiKTeX/fonts/type1/public/amsfonts/cm/cmsy6.pfb><C:/Program Files/MiKTeX/
fonts/type1/public/amsfonts/cm/cmsy7.pfb><C:/Program Files/MiKTeX/fonts/type1/p
ublic/amsfonts/cm/cmsy9.pfb><C:/Program Files/MiKTeX/fonts/type1/urw/courier/uc
rr8a.pfb><C:/Program Files/MiKTeX/fonts/type1/urw/helvetic/uhvb8a.pfb><C:/Progr
am Files/MiKTeX/fonts/type1/urw/times/utmb8a.pfb><C:/Program Files/MiKTeX/fonts
/type1/urw/times/utmr8a.pfb><C:/Program Files/MiKTeX/fonts/type1/urw/times/utmr
i8a.pfb>
Output written on main.pdf (25 pages, 1393841 bytes).
Transcript written on main.log.
